/Logical/Global.typ
/Logical/Global.var
/Logical/Libraries/Runtime/runtime.var
/Logical/Libraries/Runtime/runtime.typ
/Logical/Libraries/Runtime/runtime.fun
/Logical/Libraries/Runtime
/Logical/Libraries/Operator/operator.fun
/Logical/Libraries/Operator
/Logical/Libraries/MtrCtrl/MtrCtrl.typ
/Logical/Libraries/MtrCtrl/MtrCtrl.var
/Logical/Libraries/MtrCtrl/MtrCtrl.fun
/Logical/Libraries/MtrCtrl/FB_Integrator.c
/Logical/Libraries/MtrCtrl/FB_Motor.c
/Logical/Libraries/MtrCtrl/FB_Controller.c
/Logical/Libraries/MtrCtrl
/Logical/Libraries/AsIecCon/AsIecCon.fun
/Logical/Libraries/AsIecCon
/Logical/Libraries/astime/astime.var
/Logical/Libraries/astime/astime.typ
/Logical/Libraries/astime/astime.fun
/Logical/Libraries/astime
/Logical/Libraries
/Logical/Program1/Program1.c
/Logical/Program1/Program1.typ
/Logical/Program1/Program1.var
/Logical/Program1
/Physical/Simulation/Hardware.hc
/Physical/Simulation/PLC1/Cpu.sw
/Physical/Simulation/PLC1/Cpu.per
/Physical/Simulation/PLC1/ArConfig.rtc
/Physical/Simulation/PLC1/IoMap.iom
/Physical/Simulation/PLC1/PvMap.vvm
/Physical/Simulation/PLC1/sysconf.br
/Physical/Simulation/PLC1/sysconf.syc
/Physical/Simulation/PLC1
